---
source: crates/vm/src/lib.rs
expression: vm.debug
---
3
